F                                                                        [100%]
=================================== FAILURES ===================================
____ test_explicit_source_selects_its_candidate_instead_of_aborting_search _____

client = <starlette.testclient.TestClient object at 0x10b281d30>
catalog = {'imported': {'source_kind': 'excel', 'id': '10313a5a-cd8b-4d42-88b6-e925eadbca17', 'filename': 'test.xlsx', 'created_...c1e2-45b8-8868-6bff1e8ce541', 'revision': 1, 'updated_at': '2026-09-30T01:23:14.015355+00:00', 'actor': '测试维护者', ...}]}

    def test_explicit_source_selects_its_candidate_instead_of_aborting_search(client, catalog):
        draft = priced(client, catalog, amount="10")
        data = read(client, draft)["configuration"]
        source = catalog["sources"][1]["id"]
        generation = dict(data["generation"], preferences=[dict(
            requirement_id=data["requirements"][0]["id"], source_id=source,
            evidence="隔离明确第二候选的资料来源",
        )])
        draft = write(client, draft, [dict(action="requirements_patch", generation=generation)])
>       proposal = plan(client, draft)
                   ^^^^^^^^^^^^^^^^^^^

backend/tests/configuration/test_selection_binding_review.py:216:
_ _ _ _ _ _ _ _ _ _ _ _ _ _ _ _ _ _ _ _ _ _ _ _ _ _ _ _ _ _ _ _ _ _ _ _ _ _ _ _
backend/tests/configuration/test_proposal_generation.py:198: in plan
    return call(
_ _ _ _ _ _ _ _ _ _ _ _ _ _ _ _ _ _ _ _ _ _ _ _ _ _ _ _ _ _ _ _ _ _ _ _ _ _ _ _

client = <starlette.testclient.TestClient object at 0x10b281d30>
name = 'list_plan'
payload = {'draft_id': '5890eded-854d-4a06-aeb2-8a1e6bb950f0', 'expected_revision': 4, 'operation_id': '40690d2b-5497-47ba-870d-5d0bf4980983'}

    def call(client, name, payload):
        response = client.post("/api/list-tools/" + name, json=payload)
>       assert response.status_code == 200, response.text
E       AssertionError: {"detail":"指定资料来源不属于候选配置"}
E       assert 422 == 200
E        +  where 422 = <Response [422 Unprocessable Content]>.status_code

backend/tests/configuration/test_proposal_generation.py:8: AssertionError
=========================== short test summary info ============================
FAILED backend/tests/configuration/test_selection_binding_review.py::test_explicit_source_selects_its_candidate_instead_of_aborting_search
1 failed, 7 deselected in 0.81s
