============================= test session starts ==============================
platform darwin -- Python 3.14.6, pytest-9.1.1, pluggy-1.6.0 -- /Users/yibaiba/Code/RustProject/pi/presales-platform/.venv/bin/python
cachedir: .pytest_cache
rootdir: /private/var/folders/vv/2pbkx3_s66n0ybf417p97q_r0000gn/T/presales-reuse-review-eocdr3xz/backend
configfile: pyproject.toml
plugins: timeout-2.4.0, anyio-4.15.1
timeout: 60.0s
timeout method: signal
timeout func_only: False
collecting ... collected 21 items

backend/tests/paperless/test_rules.py::test_no_rules_exposes_uncovered_paperless_products SKIPPED [  4%]
backend/tests/paperless/test_rules.py::test_configured_software_counts_group_deduction_apply_and_history SKIPPED [  9%]
backend/tests/paperless/test_rules.py::test_same_model_other_product_line_does_not_trigger_red_rule SKIPPED [ 14%]
backend/tests/paperless/test_rules.py::test_explicit_capacity_arithmetic_only[49-1] SKIPPED [ 19%]
backend/tests/paperless/test_rules.py::test_explicit_capacity_arithmetic_only[50-1] SKIPPED [ 23%]
backend/tests/paperless/test_rules.py::test_explicit_capacity_arithmetic_only[51-2] SKIPPED [ 28%]
backend/tests/paperless/test_rules.py::test_editing_terminal_quantity_invalidates_saved_preview SKIPPED [ 33%]
backend/tests/paperless/test_rules.py::test_accepted_shared_pool_should_round_combined_terminal_count SKIPPED [ 38%]
backend/tests/paperless/test_rules.py::test_mandatory_module_and_host_should_be_identified SKIPPED [ 42%]
backend/tests/test_attribute_concurrency.py::test_concurrent_first_attribute_save_retains_one_revision SKIPPED [ 47%]
backend/tests/test_attributes.py::test_attributes_versions_and_original_source_unchanged PASSED [ 52%]
backend/tests/test_attributes.py::test_newly_classified_product_joins_without_rule_edit_and_invalidates_preview PASSED [ 57%]
backend/tests/test_attributes.py::test_exclusions_and_import_version_scope PASSED [ 61%]
backend/tests/test_attributes.py::test_zero_matches_is_explicit_and_does_not_use_all_products PASSED [ 66%]
backend/tests/test_attributes.py::test_batch_is_atomic_and_preserves_other_fields PASSED [ 71%]
backend/tests/test_attributes.py::test_matching_target_error_stays_editable_and_calculation_fails_explicitly PASSED [ 76%]
backend/tests/test_attributes.py::test_attribute_operators_are_exact[all-False] PASSED [ 80%]
backend/tests/test_attributes.py::test_attribute_operators_are_exact[any-True] PASSED [ 85%]
backend/tests/test_catalog.py::test_configurations_and_merged_evidence_are_preserved PASSED [ 90%]
backend/tests/test_catalog.py::test_invalid_workbook_has_explicit_error PASSED [ 95%]
backend/tests/test_catalog.py::test_import_is_idempotent_and_invalid_file_does_not_persist PASSED [100%]

=========================== short test summary info ============================
SKIPPED [1] backend/tests/paperless/test_rules.py:6: 真实资料测试需要 PAPERLESS_CATALOG_PATH 和 TEST_DATABASE_URL
SKIPPED [1] backend/tests/paperless/test_rules.py:14: 真实资料测试需要 PAPERLESS_CATALOG_PATH 和 TEST_DATABASE_URL
SKIPPED [1] backend/tests/paperless/test_rules.py:37: 真实资料测试需要 PAPERLESS_CATALOG_PATH 和 TEST_DATABASE_URL
SKIPPED [3] backend/tests/paperless/test_rules.py:47: 真实资料测试需要 PAPERLESS_CATALOG_PATH 和 TEST_DATABASE_URL
SKIPPED [1] backend/tests/paperless/test_rules.py:62: 真实资料测试需要 PAPERLESS_CATALOG_PATH 和 TEST_DATABASE_URL
SKIPPED [1] backend/tests/paperless/test_rules.py:80: 真实资料测试需要 PAPERLESS_CATALOG_PATH 和 TEST_DATABASE_URL
SKIPPED [1] backend/tests/paperless/test_rules.py:104: 真实资料测试需要 PAPERLESS_CATALOG_PATH 和 TEST_DATABASE_URL
SKIPPED [1] backend/tests/test_attribute_concurrency.py:15: 需要 PostgreSQL 测试连接
======================== 11 passed, 10 skipped in 0.97s ========================
