============================= test session starts ==============================
platform darwin -- Python 3.14.6, pytest-9.1.1, pluggy-1.6.0 -- /Users/yibaiba/Code/RustProject/pi/presales-platform/.venv/bin/python
cachedir: .pytest_cache
rootdir: /private/var/folders/vv/2pbkx3_s66n0ybf417p97q_r0000gn/T/presales-reuse-review-eocdr3xz/backend
configfile: pyproject.toml
plugins: timeout-2.4.0, anyio-4.15.1
timeout: 60.0s
timeout method: signal
timeout func_only: False
collecting ... collected 42 items

backend/tests/test_rule_validation.py::test_invalid_shared_and_choice_definitions_fail_explicitly[override0] PASSED [  2%]
backend/tests/test_rule_validation.py::test_invalid_shared_and_choice_definitions_fail_explicitly[override1] PASSED [  4%]
backend/tests/test_rule_validation.py::test_invalid_shared_and_choice_definitions_fail_explicitly[override2] PASSED [  7%]
backend/tests/test_rule_validation.py::test_invalid_shared_and_choice_definitions_fail_explicitly[override3] PASSED [  9%]
backend/tests/test_rule_validation.py::test_invalid_shared_and_choice_definitions_fail_explicitly[override4] PASSED [ 11%]
backend/tests/test_rule_validation.py::test_invalid_shared_and_choice_definitions_fail_explicitly[override5] PASSED [ 14%]
backend/tests/test_rule_validation.py::test_invalid_shared_and_choice_definitions_fail_explicitly[override6] PASSED [ 16%]
backend/tests/test_rule_validation.py::test_invalid_shared_and_choice_definitions_fail_explicitly[override7] PASSED [ 19%]
backend/tests/test_rule_validation.py::test_unknown_additional_product_is_rejected PASSED [ 21%]
backend/tests/test_rules.py::test_real_zen_calculation[per_capacity-20-2-10] PASSED [ 23%]
backend/tests/test_rules.py::test_real_zen_calculation[per_capacity-21-2-11] PASSED [ 26%]
backend/tests/test_rules.py::test_real_zen_calculation[per_capacity-0-2-0] PASSED [ 28%]
backend/tests/test_rules.py::test_real_zen_calculation[per_unit-3-1.5-4.5] PASSED [ 30%]
backend/tests/test_rules.py::test_group_rounding_deduct_apply_and_reapply PASSED [ 33%]
backend/tests/test_rules.py::test_rule_change_invalidates_preview_and_keeps_history PASSED [ 35%]
backend/tests/test_rules.py::test_drafts_and_disabled_rules_do_not_calculate PASSED [ 38%]
backend/tests/test_rules.py::test_multiple_rules_add_demand_and_excess_is_not_deleted PASSED [ 40%]
backend/tests/test_rules.py::test_invalid_rule_is_rejected[override0] PASSED [ 42%]
backend/tests/test_rules.py::test_invalid_rule_is_rejected[override1] PASSED [ 45%]
backend/tests/test_rules.py::test_invalid_rule_is_rejected[override2] PASSED [ 47%]
backend/tests/test_rules.py::test_invalid_rule_is_rejected[override3] PASSED [ 50%]
backend/tests/test_rules.py::test_invalid_rule_is_rejected[override4] PASSED [ 52%]
backend/tests/test_rules.py::test_apply_rejects_fabricated_suggestions PASSED [ 54%]
backend/tests/test_rules_concurrency.py::test_concurrent_application_cannot_duplicate_accessories SKIPPED [ 57%]
backend/tests/test_topology.py::test_save_reload_revision_conflict_and_frozen_history PASSED [ 59%]
backend/tests/test_topology.py::test_shared_device_counted_once_and_exact_decimal_bom PASSED [ 61%]
backend/tests/test_topology.py::test_invalid_topology_is_not_persisted[missing_product] PASSED [ 64%]
backend/tests/test_topology.py::test_invalid_topology_is_not_persisted[dangling_edge] PASSED [ 66%]
backend/tests/test_topology.py::test_invalid_topology_is_not_persisted[self_loop] PASSED [ 69%]
backend/tests/test_topology.py::test_invalid_topology_is_not_persisted[duplicate_id] PASSED [ 71%]
backend/tests/test_topology.py::test_invalid_topology_is_not_persisted[missing_group] PASSED [ 73%]
backend/tests/test_topology.py::test_invalid_topology_is_not_persisted[zero_quantity] PASSED [ 76%]
backend/tests/test_topology.py::test_invalid_topology_is_not_persisted[duplicate_group] PASSED [ 78%]
backend/tests/test_topology.py::test_rule_conversion_real_engine_draft_and_no_duplicate PASSED [ 80%]
backend/tests/test_topology.py::test_unsupported_conversion_exposes_reason_and_creates_nothing[optional] PASSED [ 83%]
backend/tests/test_topology.py::test_unsupported_conversion_exposes_reason_and_creates_nothing[connection] PASSED [ 85%]
backend/tests/test_topology.py::test_unsupported_conversion_exposes_reason_and_creates_nothing[missing_evidence] PASSED [ 88%]
backend/tests/test_topology.py::test_unsupported_conversion_exposes_reason_and_creates_nothing[shared] PASSED [ 90%]
backend/tests/test_topology.py::test_unsupported_conversion_exposes_reason_and_creates_nothing[different_group] PASSED [ 92%]
backend/tests/test_topology.py::test_unsupported_conversion_exposes_reason_and_creates_nothing[same_product] PASSED [ 95%]
backend/tests/test_topology.py::test_conversion_rejects_stale_revision PASSED [ 97%]
backend/tests/test_topology.py::test_empty_graph_and_unknown_topology PASSED [100%]

=========================== short test summary info ============================
SKIPPED [1] backend/tests/test_rules_concurrency.py:15: 需要 PostgreSQL 测试连接
======================== 41 passed, 1 skipped in 3.77s =========================
