tests/configuration/test_accessory_demands.py::test_quantity_scopes_use_stable_project_ids[device-4]
tests/configuration/test_accessory_demands.py::test_quantity_scopes_use_stable_project_ids[system-4]
tests/configuration/test_accessory_demands.py::test_quantity_scopes_use_stable_project_ids[room-8]
tests/configuration/test_accessory_demands.py::test_quantity_scopes_use_stable_project_ids[project-8]
tests/configuration/test_accessory_demands.py::test_environment_quantity_missing_then_calculated
tests/configuration/test_accessory_demands.py::test_existing_device_allocation_offsets_demand_without_double_use
tests/configuration/test_accessory_demands.py::test_shareable_and_consumable_allocations_are_order_independent[order0]
tests/configuration/test_accessory_demands.py::test_shareable_and_consumable_allocations_are_order_independent[order1]
tests/configuration/test_accessory_demands.py::test_disabled_accessory_rule_is_excluded_from_project_check
tests/configuration/test_accessory_demands.py::test_draft_and_cycle_never_create_applicable_purchase
tests/configuration/test_accessory_demands.py::test_category_and_series_selectors_participate_in_cycle_detection[category]
tests/configuration/test_accessory_demands.py::test_category_and_series_selectors_participate_in_cycle_detection[series]
tests/configuration/test_accessory_demands.py::test_source_deletion_prunes_obsolete_allocation_on_save
tests/configuration/test_accessory_demands.py::test_calculation_version_only_upgrades_explicitly
tests/configuration/test_accessory_demands.py::test_separate_servers_are_counted_independently
tests/configuration/test_accessory_demands.py::test_shared_server_without_confirmed_basis_stays_unknown
tests/configuration/test_accessory_demands.py::test_confirmed_shared_server_aggregates_capacity[20-pass]
tests/configuration/test_accessory_demands.py::test_confirmed_shared_server_aggregates_capacity[80-conflict]
tests/configuration/test_catalog.py::test_full_coverage_and_same_model_separate_configs
tests/configuration/test_catalog.py::test_source_link_conflict_rolls_back_batch
tests/configuration/test_catalog.py::test_revision_and_invalid_units
tests/configuration/test_catalog.py::test_missing_source_and_draft_cannot_be_confirmed_link
tests/configuration/test_catalog.py::test_bulk_independent_sources_and_conflicting_sources
tests/configuration/test_catalog.py::test_audit_suggests_same_model_variant_and_explains_differences
tests/configuration/test_catalog.py::test_blocked_source_is_handled_and_can_be_relinked
tests/configuration/test_catalog_updates.py::test_effective_slots_zero_inquiry_and_historical_revision
tests/configuration/test_catalog_updates.py::test_preview_atomic_and_stale_price_slot
tests/configuration/test_catalog_updates.py::test_cross_import_reordered_same_model_and_notes
tests/configuration/test_catalog_updates.py::test_correction_scoped_impact_and_historical_project
tests/configuration/test_catalog_updates.py::test_keep_empty_does_not_replace_and_supply_is_independent
tests/configuration/test_catalog_updates.py::test_new_configuration_copied_rules_draft_and_atomic_failure
tests/configuration/test_catalog_updates.py::test_unselected_row_not_published_and_late_error_rolls_back
tests/configuration/test_check_classification.py::test_project_input_is_not_an_equal_product_attribute
tests/configuration/test_check_classification.py::test_explicit_product_requirement_still_checks_actual_product
tests/configuration/test_check_classification.py::test_environment_schema_preserves_purpose_and_rejects_unknown_values
tests/configuration/test_check_classification.py::test_unreviewed_policy_is_a_knowledge_task_not_missing_quantity[unknown-resource_policy]
tests/configuration/test_check_classification.py::test_unreviewed_policy_is_a_knowledge_task_not_missing_quantity[required-capacity]
tests/configuration/test_check_classification.py::test_unreviewed_policy_is_a_knowledge_task_not_missing_quantity[not_applicable-None]
tests/configuration/test_check_classification.py::test_declared_resource_still_detects_overload_even_when_policy_not_applicable
tests/configuration/test_check_classification.py::test_project_input_drives_zen_without_changing_candidate_or_legacy_input
tests/configuration/test_check_classification.py::test_readiness_reports_accessory_pending_separately
tests/configuration/test_concurrency.py::test_concurrent_new_project_save_is_atomic
tests/configuration/test_concurrency.py::test_concurrent_legacy_migration_creates_one_knowledge
tests/configuration/test_core_review_fixes.py::test_accessory_alternatives_include_second_allowed_server
tests/configuration/test_core_review_fixes.py::test_shared_mode_does_not_reuse_unapproved_customer_stock
tests/configuration/test_core_review_fixes.py::test_direct_variant_edit_requires_review_of_confirmed_matching_knowledge
tests/configuration/test_core_review_fixes.py::test_unpublished_package_member_does_not_change_published_choice
tests/configuration/test_core_review_fixes.py::test_display_edit_keeps_compatibility_and_parameter_edit_retains_old_snapshot
tests/configuration/test_core_review_fixes.py::test_generated_customer_owned_devices_still_require_explicit_reuse_permission
tests/configuration/test_drawing.py::test_draw_copy_is_reference_clone_increases_bom
tests/configuration/test_drawing.py::test_drawing_movement_not_recalculate_and_deleted_shape_keeps_device
tests/configuration/test_drawing.py::test_legacy_preview_leaves_original_untouched
tests/configuration/test_drawing.py::test_legacy_topology_preserves_group_sharing_and_geometry
tests/configuration/test_evolution.py::test_modern_unknown_quantity_is_not_default_one
tests/configuration/test_evolution.py::test_alternative_activation_is_distinct_from_constraints
tests/configuration/test_evolution.py::test_supply_split_and_over_allocation
tests/configuration/test_evolution.py::test_no_coverage_and_empty_system_are_not_ready
tests/configuration/test_evolution.py::test_optional_unselected_unknown_quantity_is_only_advice
tests/configuration/test_evolution.py::test_explicit_confirmation_and_saved_revision_stays_frozen
tests/configuration/test_evolution.py::test_check_does_not_prune_allocations_in_version_three
tests/configuration/test_evolution.py::test_batch_preview_apply_and_repeat_are_atomic
tests/configuration/test_evolution_contracts.py::test_device_ids_are_project_scoped_and_legacy_paths_still_work
tests/configuration/test_evolution_contracts.py::test_none_coverage_cannot_override_mandatory_accessory
tests/configuration/test_evolution_contracts.py::test_old_semantics_reject_new_rules_but_pinned_history_remains
tests/configuration/test_evolution_contracts.py::test_concurrent_batch_retry_creates_one_record
tests/configuration/test_evolution_contracts.py::test_stale_batch_rolls_back_other_edits
tests/configuration/test_evolution_sharing.py::test_shared_separate_existing_over_capacity_delete
tests/configuration/test_evolution_sharing.py::test_quantity_change_preview_cleanup_and_repeated_apply
tests/configuration/test_evolution_sharing.py::test_identity_mapping_does_not_confirm_definitions_and_is_repeatable
tests/configuration/test_evolution_versions.py::test_quantity_inputs_require_matching_units_and_have_provenance
tests/configuration/test_evolution_versions.py::test_package_member_and_definition_revisions_stay_fixed_until_refresh
tests/configuration/test_excel_workflow.py::test_import_cells_does_not_execute_formulas_or_write_catalog
tests/configuration/test_excel_workflow.py::test_purchase_edit_preserves_owned_and_deployment_reports_overallocation
tests/configuration/test_excel_workflow.py::test_import_blank_price_never_adopts_catalog_zero_is_explicit
tests/configuration/test_excel_workflow.py::test_description_web_mcp_save_export_original_and_stale
tests/configuration/test_excel_workflow.py::test_failed_import_batch_does_not_modify_saved_project
tests/configuration/test_excel_workflow.py::test_import_two_same_model_lines_stay_separate_and_retry_is_idempotent
tests/configuration/test_extraction.py::test_empty_real_response_completes_segments_without_publishing
tests/configuration/test_extraction.py::test_failure_not_success_and_manual_retry[response0]
tests/configuration/test_extraction.py::test_failure_not_success_and_manual_retry[response1]
tests/configuration/test_extraction.py::test_failure_not_success_and_manual_retry[response2]
tests/configuration/test_extraction.py::test_draft_review_preserves_quote_and_not_auto_confirmed
tests/configuration/test_extraction.py::test_scan_and_invalid_pdf_are_explicit_errors
tests/configuration/test_extraction.py::test_interrupted_tasks_mark_segments_and_preserve_completion
tests/configuration/test_extraction.py::test_private_settings_permissions_and_no_key_echo
tests/configuration/test_extraction.py::test_model_adapter_fails_clearly[timeout]
tests/configuration/test_extraction.py::test_model_adapter_fails_clearly[http]
tests/configuration/test_extraction.py::test_model_adapter_fails_clearly[format]
tests/configuration/test_extraction.py::test_only_selected_catalog_context_sent
tests/configuration/test_extraction.py::test_model_cannot_publish_confirmed_knowledge
tests/configuration/test_extraction.py::test_text_pdf_retains_page_numbers
tests/configuration/test_import_merges.py::test_import_returns_merge_provenance_without_copying_quantities_or_formulas
tests/configuration/test_import_merges.py::test_invalid_merge_reference_is_explicit_error
tests/configuration/test_included_content.py::test_explicit_credit_no_procurement_and_no_input_mutation
tests/configuration/test_included_content.py::test_unconfirmed_or_mismatched_fact_does_not_credit[change0]
tests/configuration/test_included_content.py::test_unconfirmed_or_mismatched_fact_does_not_credit[change1]
tests/configuration/test_included_content.py::test_unconfirmed_or_mismatched_fact_does_not_credit[change2]
tests/configuration/test_included_content.py::test_unconfirmed_or_mismatched_fact_does_not_credit[change3]
tests/configuration/test_included_content.py::test_unconfirmed_or_mismatched_fact_does_not_credit[change4]
tests/configuration/test_included_content.py::test_historical_snapshot_refresh_and_omitted_field_preserved
tests/configuration/test_included_content.py::test_global_pool_quantity_reduction_and_cross_host_rejected
tests/configuration/test_included_content.py::test_save_web_mcp_retry_undo_and_delete
tests/configuration/test_included_content.py::test_catalog_validation_and_legacy_snapshot_injection
tests/configuration/test_included_content.py::test_edit_rejects_over_credit_and_replays_same_id
tests/configuration/test_included_content.py::test_purchase_surplus_is_preserved_and_unknown_quantity_cannot_be_hidden
tests/configuration/test_included_content.py::test_missing_target_self_reference_and_duplicate_facts_rejected
tests/configuration/test_included_review.py::test_review_exposes_invalid_credit_and_current_basis
tests/configuration/test_included_review.py::test_invalid_replacement_is_atomic_and_valid_review_is_undoable
tests/configuration/test_included_review.py::test_explicit_reconfirmation_adopts_current_revision_only
tests/configuration/test_included_review.py::test_capacity_conflict_explains_requested_and_counted_quantity
tests/configuration/test_inspection_profiles.py::test_system_input_capacity_and_fixed_profile_revision
tests/configuration/test_inspection_profiles.py::test_missing_system_input_and_conflicting_override
tests/configuration/test_inspection_profiles.py::test_draft_does_not_execute_and_manual_resources_not_double_counted
tests/configuration/test_inspection_profiles.py::test_shared_capacity_aggregation[sum-80-conflict]
tests/configuration/test_inspection_profiles.py::test_shared_capacity_aggregation[max-40-pass]
tests/configuration/test_inspection_profiles.py::test_capacity_basis_units_and_unknown_capacity
tests/configuration/test_inspection_profiles.py::test_invalid_input_units_duplicates_and_revisions
tests/configuration/test_inspection_profiles.py::test_accessory_profile_transfers_resources_and_exposes_policy_conflict
tests/configuration/test_inspection_profiles.py::test_system_input_edit_and_projection_fingerprint_agree
tests/configuration/test_inspection_profiles.py::test_same_check_reuses_product_capacity_without_rewriting_rules
tests/configuration/test_inspection_profiles.py::test_explicit_refresh_uses_rebound_profile_not_latest_implicitly
tests/configuration/test_knowledge.py::test_explicit_denial_not_overridden_by_allow
tests/configuration/test_knowledge.py::test_architecture_os_unknown_and_exclusions
tests/configuration/test_knowledge.py::test_numeric_ranges_sets_and_units
tests/configuration/test_knowledge.py::test_accessory_application_idempotent
tests/configuration/test_knowledge.py::test_accessory_conflicting_knowledge_not_applied
tests/configuration/test_knowledge.py::test_sharing_confirmed_and_software_requirements_stay_separate
tests/configuration/test_knowledge.py::test_explicit_environment_cannot_ignore_architecture
tests/configuration/test_knowledge.py::test_snapshot_cannot_drop_conflicting_rule
tests/configuration/test_knowledge.py::test_candidates_default_to_related_scope_and_can_use_snapshot
tests/configuration/test_knowledge_reconciliation.py::test_mapping_batch_preserves_evidence_and_fixed_package_and_retries
tests/configuration/test_knowledge_reconciliation.py::test_quantity_confirmation_requires_evidence_and_keeps_unknown_draft
tests/configuration/test_list_concurrency.py::test_durable_idempotency_and_competing_writes
tests/configuration/test_list_edges.py::test_template_grows_preserves_logo_and_formula_caches
tests/configuration/test_list_edges.py::test_shared_accessory_usage_existing_and_delete
tests/configuration/test_list_edges.py::test_missing_price_export_and_fingerprint_invalidation
tests/configuration/test_list_mcp.py::test_edit_check_save_retry_and_export
tests/configuration/test_list_mcp.py::test_missing_prices_stale_price_and_zero
tests/configuration/test_list_mcp.py::test_atomic_errors_versions_and_fixed_history
tests/configuration/test_list_mcp.py::test_queries_and_no_default_quantity
tests/configuration/test_list_snapshots.py::test_draft_catalog_fixed_before_selection_and_refresh_is_explicit
tests/configuration/test_list_snapshots.py::test_accessory_apply_requires_current_explicit_check
tests/configuration/test_maintenance_tasks.py::test_same_gap_groups_projects_but_revisions_remain_distinct
tests/configuration/test_maintenance_tasks.py::test_definition_revision_and_variant_are_part_of_task_identity
tests/configuration/test_maintenance_tasks.py::test_project_input_missing_is_not_a_knowledge_task
tests/configuration/test_maintenance_tasks.py::test_task_endpoint_uses_saved_version_only
tests/configuration/test_maintenance_tasks.py::test_sharing_gap_keeps_complete_role_combination
tests/configuration/test_maintenance_tasks.py::test_project_configuration_gaps_do_not_create_global_knowledge_tasks
tests/configuration/test_maintenance_tasks.py::test_legacy_saved_project_gaps_are_classified_by_references_not_wording
tests/configuration/test_maintenance_tasks.py::test_legacy_double_checks_only_create_tasks_for_bound_roles[-False]
tests/configuration/test_maintenance_tasks.py::test_legacy_double_checks_only_create_tasks_for_bound_roles[-True]
tests/configuration/test_maintenance_tasks.py::test_legacy_double_checks_only_create_tasks_for_bound_roles[removed-False]
tests/configuration/test_maintenance_tasks.py::test_legacy_double_checks_only_create_tasks_for_bound_roles[removed-True]
tests/configuration/test_maintenance_tasks.py::test_legacy_double_checks_only_create_tasks_for_bound_roles[server-False]
tests/configuration/test_maintenance_tasks.py::test_legacy_double_checks_only_create_tasks_for_bound_roles[server-True]
tests/configuration/test_mcp_protocol.py::test_real_stdio_roundtrip
tests/configuration/test_migration.py::test_incomplete_accessory_draft_exposes_missing_fields
tests/configuration/test_migration.py::test_legacy_api_writes_draft_knowledge_and_migration_stays_idempotent
tests/configuration/test_migration.py::test_migrated_legacy_update_writes_unified_knowledge
tests/configuration/test_package_changes.py::test_preview_keeps_fixed_definition_and_is_read_only
tests/configuration/test_package_knowledge_scope.py::test_mixed_package_and_legacy_systems_keep_separate_rules
tests/configuration/test_package_knowledge_scope.py::test_pinned_revision_and_explicit_common_membership_are_scoped
tests/configuration/test_package_knowledge_scope.py::test_package_membership_prevents_false_cross_package_dependency_cycles
tests/configuration/test_package_knowledge_scope.py::test_newer_unbundled_review_cannot_clear_an_older_package_review
tests/configuration/test_package_readiness.py::test_draft_and_uncovered_role_not_reported_complete
tests/configuration/test_package_readiness.py::test_report_pins_old_rules_and_reports_new_revision
tests/configuration/test_package_readiness.py::test_legacy_quantity_formula_is_not_confirmation
tests/configuration/test_package_readiness.py::test_other_branch_and_denial_do_not_count_as_confirmed_candidates
tests/configuration/test_package_readiness.py::test_category_candidate_does_not_imply_all_configs_reviewed
tests/configuration/test_package_readiness.py::test_unknown_package_returns_explicit_error
tests/configuration/test_package_trials.py::test_trial_uses_same_conditions_and_never_approves_draft_package[Windows-pass]
tests/configuration/test_package_trials.py::test_trial_uses_same_conditions_and_never_approves_draft_package[Linux-conflict]
tests/configuration/test_package_trials.py::test_trial_uses_same_conditions_and_never_approves_draft_package[None-unknown]
tests/configuration/test_package_trials.py::test_draft_rule_is_visible_but_never_passes
tests/configuration/test_package_trials.py::test_pinned_rule_not_silently_updated
tests/configuration/test_package_trials.py::test_invalid_trial_has_explicit_error[change0-409]
tests/configuration/test_package_trials.py::test_invalid_trial_has_explicit_error[change1-422]
tests/configuration/test_package_trials.py::test_invalid_trial_has_explicit_error[change2-422]
tests/configuration/test_package_trials.py::test_duplicate_inputs_do_not_use_last_value
tests/configuration/test_package_trials.py::test_missing_feature_role_carries_correct_action
tests/configuration/test_price_adoption.py::test_adoption_immutable_decimal_and_forgery
tests/configuration/test_price_adoption.py::test_manual_protected_inquiry_and_future_price
tests/configuration/test_price_adoption.py::test_mcp_reads_and_applies_same_price
tests/configuration/test_price_concurrency.py::test_atomic_price_publish_and_retry
tests/configuration/test_price_review_regressions.py::test_manual_new_configuration_has_authored_source_and_can_quote
tests/configuration/test_price_review_regressions.py::test_partial_prices_are_resumable_without_republishing_completed_columns
tests/configuration/test_price_review_regressions.py::test_review_is_scoped_to_actual_usage_and_fixed_rule_revision
tests/configuration/test_price_review_regressions.py::test_full_configuration_rejects_unadopted_obsolete_price
tests/configuration/test_price_review_regressions.py::test_unrelated_sharing_review_does_not_block_current_systems
tests/configuration/test_project_output.py::test_project_output_keeps_source_and_shared_consumers
tests/configuration/test_project_output.py::test_project_output_marks_confirmed_only_after_readiness_passes
tests/configuration/test_projects.py::test_shared_counts_and_resource_limit
tests/configuration/test_projects.py::test_versions_pinned_and_concurrent_save
tests/configuration/test_projects.py::test_legacy_changes_write_same_configuration
tests/configuration/test_projects.py::test_forged_snapshot_rejected
tests/configuration/test_projects.py::test_software_counts_separately_and_unknown_saved
tests/configuration/test_projects.py::test_unified_project_rejects_legacy_rule_calculation
tests/configuration/test_projects.py::test_configuration_api_contract
tests/configuration/test_proposal_concurrency.py::test_plan_and_apply_concurrent_retries
tests/configuration/test_proposal_evolution.py::test_quantity_changes_locks_idempotency_and_undo
tests/configuration/test_proposal_evolution.py::test_backtracks_after_downstream_capacity_conflict
tests/configuration/test_proposal_evolution.py::test_independent_and_shared_without_and_with_evidence
tests/configuration/test_proposal_evolution.py::test_existing_server_only_explicitly_reused
tests/configuration/test_proposal_evolution.py::test_unconfirmed_agent_interpretation_not_effective
tests/configuration/test_proposal_evolution.py::test_shared_capacity_conflict_backtracks_to_separate_servers
tests/configuration/test_proposal_evolution.py::test_zero_demand_reports_existing_generated_surplus
tests/configuration/test_proposal_generation.py::test_generated_plan_alternatives_and_apply
tests/configuration/test_proposal_generation.py::test_missing_quantity_never_defaults_to_one
tests/configuration/test_proposal_generation.py::test_fulfilled_role_does_not_double_server
tests/configuration/test_proposal_generation.py::test_missing_recommendation_does_not_label_standard
tests/configuration/test_proposal_prices_and_cycles.py::test_price_freezing_zero_inquiry_and_stale_adoption
tests/configuration/test_proposal_prices_and_cycles.py::test_included_credit_and_optional_not_purchased
tests/configuration/test_proposal_prices_and_cycles.py::test_cycle_reports_path_and_does_not_recurse
tests/configuration/test_proposal_protection.py::test_manual_accessory_model_and_quantity_survive_regeneration
tests/configuration/test_proposal_protection.py::test_surplus_remove_cleans_drawing_and_quote
tests/configuration/test_proposal_protection.py::test_unconfirmed_interpretation_is_a_question_not_requirement
tests/configuration/test_proposal_protection.py::test_web_and_mcp_apply_have_same_configuration_and_stale_guard
tests/configuration/test_proposal_protection.py::test_locked_and_partially_reusable_accessory_choices
tests/configuration/test_proposal_protection.py::test_generation_evidence_rejects_missing_source
tests/configuration/test_proposal_protocol.py::test_real_stdio_requirement_to_export_and_restart
tests/configuration/test_proposal_protocol.py::test_seed_optional_browser_database
tests/configuration/test_proposal_review.py::test_alternative_reuse_has_unique_identity_and_applies_selected_device
tests/configuration/test_proposal_review.py::test_remove_requirement_owner_cleans_generation_preferences[requirements]
tests/configuration/test_proposal_review.py::test_remove_requirement_owner_cleans_generation_preferences[systems]
tests/configuration/test_proposal_review.py::test_remove_reusable_device_preserves_other_preferences_and_allows_requirements_edit
tests/configuration/test_proposal_review.py::test_unconfirmed_room_and_project_values_cannot_change_effective_requirements[project-generation.budget-changes0]
tests/configuration/test_proposal_review.py::test_unconfirmed_room_and_project_values_cannot_change_effective_requirements[room-inputs.seats-changes1]
tests/configuration/test_proposal_review.py::test_unconfirmed_room_and_project_values_cannot_change_effective_requirements[project-project_inputs.seats-changes2]
tests/configuration/test_quotation_details.py::test_long_descriptions_continue_without_extra_quantities
tests/configuration/test_quotation_details.py::test_explicit_quote_group_and_unknown_supply
tests/configuration/test_quotation_details.py::test_saved_revision_search_and_validated_boundaries
tests/configuration/test_quotation_details.py::test_metadata_patch_retains_manual_prices
tests/configuration/test_quotation_details.py::test_quote_patch_presence_is_part_of_idempotency_key
tests/configuration/test_quotation_details.py::test_price_columns_and_quantity_changes_are_explicit
tests/configuration/test_quote_formula_scaling.py::test_large_quote_uses_range_formula_and_keeps_unknowns[zero]
tests/configuration/test_quote_formula_scaling.py::test_large_quote_uses_range_formula_and_keeps_unknowns[missing_price]
tests/configuration/test_quote_formula_scaling.py::test_large_quote_uses_range_formula_and_keeps_unknowns[unknown_supply]
tests/configuration/test_readiness.py::test_empty_project_is_a_savable_incomplete_draft
tests/configuration/test_readiness.py::test_complete_known_configuration_is_ready_for_confirmed_output
tests/configuration/test_readiness.py::test_missing_selection_and_unapplied_accessory_keep_output_incomplete
tests/configuration/test_readiness.py::test_any_confirmed_conflict_blocks_confirmed_output
tests/configuration/test_requirement_setup.py::test_description_before_roles_and_mcp_parity
tests/configuration/test_requirement_setup.py::test_setup_reuses_role_and_keeps_devices_and_same_name_rooms_separate
tests/configuration/test_requirement_setup.py::test_mcp_setup_operation_same_result_as_web_preview
tests/configuration/test_requirement_setup.py::test_draft_definition_does_not_assert_roles_and_stale_package_is_explicit
tests/configuration/test_requirement_setup.py::test_fixed_definition_does_not_use_new_role_profile
tests/configuration/test_requirement_setup.py::test_issue_references_are_stable_and_retain_affected_objects
tests/configuration/test_requirement_setup.py::test_environment_is_role_scoped_and_feature_condition_does_not_create_devices
tests/configuration/test_review_regressions.py::test_first_web_draft_can_check_and_save_unsaved_project
tests/configuration/test_review_regressions.py::test_saved_unassigned_device_keeps_actionable_issue
tests/configuration/test_review_regressions.py::test_export_keeps_stale_description_pending_after_recalculation
tests/configuration/test_role_partial_reuse.py::test_existing_16_only_buys_remaining_16_and_both_have_role_usage
tests/configuration/test_role_partial_reuse.py::test_multiple_batches_and_changed_quantity_reuse_ids
tests/configuration/test_role_partial_reuse.py::test_full_reuse_keeps_recommendation_gap
tests/configuration/test_role_partial_reuse.py::test_only_allocated_part_of_larger_existing_batch_is_used
tests/configuration/test_role_partial_reuse.py::test_same_existing_quantity_is_not_reused_for_two_systems
tests/configuration/test_role_partial_reuse.py::test_delete_restore_save_reopen_keep_role_allocations
tests/configuration/test_role_partial_reuse.py::test_quantity_reduction_exposes_overallocated_device
tests/configuration/test_role_partial_reuse.py::test_split_role_resources_are_not_guessed
tests/configuration/test_role_partial_reuse.py::test_accessory_reuse_preserves_ranking_gap
tests/configuration/test_role_partial_reuse.py::test_split_terminal_role_does_not_duplicate_server_accessory
tests/configuration/test_role_partial_reuse.py::test_decimal_remaining_quantity_is_preserved
tests/configuration/test_role_partial_reuse.py::test_split_batches_count_device_and_environment_quantity_once
tests/configuration/test_role_partial_reuse.py::test_seed_partial_browser_database
tests/configuration/test_search.py::test_search_settings_are_private_and_preserve_key
tests/configuration/test_search.py::test_provider_validates_embedding_and_reranker_contract
tests/configuration/test_search.py::test_document_contains_structured_product_facts
tests/configuration/test_search.py::test_index_job_tracks_current_and_stale_documents
tests/configuration/test_search.py::test_failed_index_job_is_visible
tests/configuration/test_search.py::test_semantic_mode_requires_postgresql
tests/configuration/test_search.py::test_postgresql_semantic_ranking_respects_business_status
tests/configuration/test_sheet_edits.py::test_preview_atomic_missing_id_does_not_save
tests/configuration/test_sheet_edits.py::test_quantity_keeps_supply_and_reports_unassigned
tests/configuration/test_sheet_edits.py::test_web_mcp_edit_equivalence_and_save
tests/configuration/test_sheet_edits.py::test_invalid_numeric_input_and_readonly_snapshot
tests/configuration/test_sheet_edits.py::test_batch_decimal_price_zero_and_model_change_remains_stale
tests/configuration/test_sheet_edits.py::test_replacement_catalog_without_role_is_explicitly_unknown
tests/configuration/test_web_draft_concurrency.py::test_web_drafts_concurrent_retry_and_competing_edit
tests/configuration/test_web_draft_edges.py::test_preview_delta_does_not_change_draft_and_stale_preview_rejected
tests/configuration/test_web_draft_edges.py::test_scope_and_formal_baseline_not_rolled_back_by_undo
tests/configuration/test_web_draft_edges.py::test_web_and_mcp_projection_paths_match_and_supply_checks_recompute
tests/configuration/test_web_draft_edges.py::test_tampered_snapshot_not_accepted_by_operations
tests/configuration/test_web_draft_edges.py::test_refresh_uses_latest_catalog_only_when_requested
tests/configuration/test_web_draft_edges.py::test_lightweight_projection_equals_full_check
tests/configuration/test_web_draft_edges.py::test_layout_only_does_not_recalculate_procurement
tests/configuration/test_web_drafts.py::test_restore_retry_conflict_and_formal_isolation
tests/configuration/test_web_drafts.py::test_note_does_not_run_full_check_and_delta_has_no_snapshots
tests/configuration/test_web_drafts.py::test_invalid_batch_atomic
tests/paperless/test_catalog.py::test_all_paperless_source_rows_and_hidden_version_are_preserved
tests/paperless/test_catalog.py::test_sizes_and_merged_mandatory_note_remain_separate
tests/paperless/test_catalog.py::test_conflicting_capacity_is_preserved_without_rewriting
tests/paperless/test_catalog.py::test_selected_configuration_snapshot_retains_source_and_os
tests/paperless/test_configuration.py::test_candidate_modules_require_selection_and_count_existing_roles
tests/paperless/test_configuration.py::test_shared_required_host_is_not_added_for_each_lift_model
tests/paperless/test_configuration.py::test_source_set_revision_invalidates_preview_and_retains_history
tests/paperless/test_configuration.py::test_draft_relation_is_visible_but_not_calculated
tests/paperless/test_configuration.py::test_note_conflict_has_sources_and_remains_unconfirmed_in_project
tests/paperless/test_rules.py::test_no_rules_exposes_uncovered_paperless_products
tests/paperless/test_rules.py::test_configured_software_counts_group_deduction_apply_and_history
tests/paperless/test_rules.py::test_same_model_other_product_line_does_not_trigger_red_rule
tests/paperless/test_rules.py::test_explicit_capacity_arithmetic_only[49-1]
tests/paperless/test_rules.py::test_explicit_capacity_arithmetic_only[50-1]
tests/paperless/test_rules.py::test_explicit_capacity_arithmetic_only[51-2]
tests/paperless/test_rules.py::test_editing_terminal_quantity_invalidates_saved_preview
tests/paperless/test_rules.py::test_accepted_shared_pool_should_round_combined_terminal_count
tests/paperless/test_rules.py::test_mandatory_module_and_host_should_be_identified
tests/test_attribute_concurrency.py::test_concurrent_first_attribute_save_retains_one_revision
tests/test_attributes.py::test_attributes_versions_and_original_source_unchanged
tests/test_attributes.py::test_newly_classified_product_joins_without_rule_edit_and_invalidates_preview
tests/test_attributes.py::test_exclusions_and_import_version_scope
tests/test_attributes.py::test_zero_matches_is_explicit_and_does_not_use_all_products
tests/test_attributes.py::test_batch_is_atomic_and_preserves_other_fields
tests/test_attributes.py::test_matching_target_error_stays_editable_and_calculation_fails_explicitly
tests/test_attributes.py::test_attribute_operators_are_exact[all-False]
tests/test_attributes.py::test_attribute_operators_are_exact[any-True]
tests/test_catalog.py::test_configurations_and_merged_evidence_are_preserved
tests/test_catalog.py::test_invalid_workbook_has_explicit_error
tests/test_catalog.py::test_import_is_idempotent_and_invalid_file_does_not_persist
tests/test_drawio.py::test_product_quantity_authoritative_roundtrip_and_revision
tests/test_drawio.py::test_native_shape_binding_preserves_style_waypoints_and_drawing_only_shapes
tests/test_drawio.py::test_native_edge_becomes_unconfirmed_then_rule_and_preserves_waypoints
tests/test_drawio.py::test_compressed_multiple_pages_and_copied_nodes_have_distinct_ids
tests/test_drawio.py::test_system_membership_and_shared_counts_removal
tests/test_drawio.py::test_invalid_xml_fails_explicitly[<invalid>]
tests/test_drawio.py::test_invalid_xml_fails_explicitly[<root/>]
tests/test_drawio.py::test_invalid_xml_fails_explicitly[<!DOCTYPE x [<!ENTITY boom "entity">]><mxGraphModel>&boom;</mxGraphModel>]
tests/test_drawio.py::test_invalid_xml_fails_explicitly[<mxfile><diagram id="bad">not deflate</diagram></mxfile>]
tests/test_drawio.py::test_invalid_xml_fails_explicitly[<mxfile><diagram><mxGraphModel><root/></mxGraphModel></diagram></mxfile>]
tests/test_drawio.py::test_invalid_business_metadata_not_silently_ignored[ps_quantity-0]
tests/test_drawio.py::test_invalid_business_metadata_not_silently_ignored[ps_quantity-NaN]
tests/test_drawio.py::test_invalid_business_metadata_not_silently_ignored[ps_product_id-missing]
tests/test_drawio.py::test_invalid_business_metadata_not_silently_ignored[ps_serves_group_ids-[]
tests/test_drawio.py::test_batch_add_preserves_order_existing_drawing_and_separate_positions
tests/test_drawio.py::test_invalid_batch_add_does_not_change_saved_topology[empty]
tests/test_drawio.py::test_invalid_batch_add_does_not_change_saved_topology[duplicate]
tests/test_drawio.py::test_invalid_batch_add_does_not_change_saved_topology[missing]
tests/test_drawio.py::test_batch_grid_wraps_below_nested_existing_content
tests/test_projects.py::test_project_keeps_specific_configuration_and_separate_rows
tests/test_projects.py::test_invalid_quantity_and_wrong_project_are_rejected
tests/test_review_concurrency.py::test_postgres_concurrent_decisions_keep_one_history
tests/test_reviews.py::test_review_history_reopen_and_stale_update
tests/test_reviews.py::test_status_reaches_catalog_and_project_but_not_other_version
tests/test_reviews.py::test_invalid_review_cannot_create_history[override0]
tests/test_reviews.py::test_invalid_review_cannot_create_history[override1]
tests/test_reviews.py::test_invalid_review_cannot_create_history[override2]
tests/test_reviews.py::test_invalid_review_cannot_create_history[override3]
tests/test_reviews.py::test_missing_issue_is_explicit
tests/test_reviews.py::test_row_problem_does_not_mark_every_record_of_same_model
tests/test_rule_validation.py::test_invalid_shared_and_choice_definitions_fail_explicitly[override0]
tests/test_rule_validation.py::test_invalid_shared_and_choice_definitions_fail_explicitly[override1]
tests/test_rule_validation.py::test_invalid_shared_and_choice_definitions_fail_explicitly[override2]
tests/test_rule_validation.py::test_invalid_shared_and_choice_definitions_fail_explicitly[override3]
tests/test_rule_validation.py::test_invalid_shared_and_choice_definitions_fail_explicitly[override4]
tests/test_rule_validation.py::test_invalid_shared_and_choice_definitions_fail_explicitly[override5]
tests/test_rule_validation.py::test_invalid_shared_and_choice_definitions_fail_explicitly[override6]
tests/test_rule_validation.py::test_invalid_shared_and_choice_definitions_fail_explicitly[override7]
tests/test_rule_validation.py::test_unknown_additional_product_is_rejected
tests/test_rules.py::test_real_zen_calculation[per_capacity-20-2-10]
tests/test_rules.py::test_real_zen_calculation[per_capacity-21-2-11]
tests/test_rules.py::test_real_zen_calculation[per_capacity-0-2-0]
tests/test_rules.py::test_real_zen_calculation[per_unit-3-1.5-4.5]
tests/test_rules.py::test_group_rounding_deduct_apply_and_reapply
tests/test_rules.py::test_rule_change_invalidates_preview_and_keeps_history
tests/test_rules.py::test_drafts_and_disabled_rules_do_not_calculate
tests/test_rules.py::test_multiple_rules_add_demand_and_excess_is_not_deleted
tests/test_rules.py::test_invalid_rule_is_rejected[override0]
tests/test_rules.py::test_invalid_rule_is_rejected[override1]
tests/test_rules.py::test_invalid_rule_is_rejected[override2]
tests/test_rules.py::test_invalid_rule_is_rejected[override3]
tests/test_rules.py::test_invalid_rule_is_rejected[override4]
tests/test_rules.py::test_apply_rejects_fabricated_suggestions
tests/test_rules_concurrency.py::test_concurrent_application_cannot_duplicate_accessories
tests/test_topology.py::test_save_reload_revision_conflict_and_frozen_history
tests/test_topology.py::test_shared_device_counted_once_and_exact_decimal_bom
tests/test_topology.py::test_invalid_topology_is_not_persisted[missing_product]
tests/test_topology.py::test_invalid_topology_is_not_persisted[dangling_edge]
tests/test_topology.py::test_invalid_topology_is_not_persisted[self_loop]
tests/test_topology.py::test_invalid_topology_is_not_persisted[duplicate_id]
tests/test_topology.py::test_invalid_topology_is_not_persisted[missing_group]
tests/test_topology.py::test_invalid_topology_is_not_persisted[zero_quantity]
tests/test_topology.py::test_invalid_topology_is_not_persisted[duplicate_group]
tests/test_topology.py::test_rule_conversion_real_engine_draft_and_no_duplicate
tests/test_topology.py::test_unsupported_conversion_exposes_reason_and_creates_nothing[optional]
tests/test_topology.py::test_unsupported_conversion_exposes_reason_and_creates_nothing[connection]
tests/test_topology.py::test_unsupported_conversion_exposes_reason_and_creates_nothing[missing_evidence]
tests/test_topology.py::test_unsupported_conversion_exposes_reason_and_creates_nothing[shared]
tests/test_topology.py::test_unsupported_conversion_exposes_reason_and_creates_nothing[different_group]
tests/test_topology.py::test_unsupported_conversion_exposes_reason_and_creates_nothing[same_product]
tests/test_topology.py::test_conversion_rejects_stale_revision
tests/test_topology.py::test_empty_graph_and_unknown_topology
tests/test_topology_concurrency.py::test_concurrent_topology_save_and_rule_conversion

391 tests collected in 1.60s
